// Jest Snapshot v1, https://goo.gl/fbAQLP

exports[`renders correctly 1`] = `
<main
  className="app container"
>
  <header>
    <h1
      className="title has-text-centered is-marginless"
    >
      Lang Helper
    </h1>
    <div
      className="tabs is-centered"
    >
      <ul>
        <li
          className="is-active"
        >
          <a
            href="/"
          >
            Search
          </a>
        </li>
        <li
          className=""
        >
          <a
            href="/editor"
          >
            Write Essay
          </a>
        </li>
      </ul>
    </div>
  </header>
  <ul>
    <li>
      No words do be listed
    </li>
  </ul>
</main>
`;
